// Jest Snapshot v1, https://goo.gl/fbAQLP

exports[`[SNAPSHOT][Componentes][Common][Years] - AÃ±os. Debe pintar el componente con los siguientes modificadores: (Tema: default)(Fecha: 15/08/2018). 1`] = `
.c0 {
  box-sizing: border-box;
  min-height: 195px;
  margin: 0px;
  overflow: hidden;
  padding: 0px;
  width: 185px;
}

.c1 {
  box-sizing: border-box;
  height: 35px;
  margin: 0px;
  padding: 5px;
  position: relative;
  text-align: center;
  width: 100%;
}

.c2 {
  background-color: transparent;
  border: none;
  box-sizing: border-box;
  display: inline-block;
  font-family: "Open Sans",sans-serif;
  font-size: 14px;
  font-weight: bold;
  height: 25px;
  margin: 0px 0px 5px 0px;
  padding: 3px 15px;
  width: auto;
}

.c5 {
  background-color: #FFF;
  box-sizing: border-box;
  height: auto;
  margin: 0px;
  padding: 5px;
  width: 100%;
}

.c3 {
  background-color: transparent;
  background-image: url("data:image/svg+xml;base64,PHN2ZyB2ZXJzaW9uPSIxLjEiIGlkPSJDYXBhXzEiIHhtbG5zPSJodHRwOi8vd3d3LnczLm9yZy8yMDAwL3N2ZyIgeG1sbnM6eGxpbms9Imh0dHA6Ly93d3cudzMub3JnLzE5OTkveGxpbmsiIHg9IjBweCIgeT0iMHB4IiB3aWR0aD0iMjkycHgiIGhlaWdodD0iMjkycHgiIHZpZXdCb3g9IjAgMCAyOTIuMzU5IDI5Mi4zNTkiIHN0eWxlPSJlbmFibGUtYmFja2dyb3VuZDpuZXcgMCAwIDI5Mi4zNTkgMjkyLjM1OTsgZmlsbDogd2hpdGU7IiB4bWw6c3BhY2U9InByZXNlcnZlIj48ZyB0cmFuc2Zvcm09InJvdGF0ZSgxODAsIDE0NiwgMTQ2KSI+PHBhdGggZD0iTTIyMi45NzksMTMzLjMzMUw5NS4wNzMsNS40MjRDOTEuNDU2LDEuODA3LDg3LjE3OCwwLDgyLjIyNiwwYy00Ljk1MiwwLTkuMjMzLDEuODA3LTEyLjg1LDUuNDI0Yy0zLjYxNywzLjYxNy01LjQyNCw3Ljg5OC01LjQyNCwxMi44NDd2MjU1LjgxM2MwLDQuOTQ4LDEuODA3LDkuMjMyLDUuNDI0LDEyLjg0N2MzLjYyMSwzLjYxNyw3LjkwMiw1LjQyOCwxMi44NSw1LjQyOGM0Ljk0OSwwLDkuMjMtMS44MTEsMTIuODQ3LTUuNDI4bDEyNy45MDYtMTI3LjkwN2MzLjYxNC0zLjYxMyw1LjQyOC03Ljg5Nyw1LjQyOC0xMi44NDdDMjI4LjQwNywxNDEuMjI5LDIyNi41OTQsMTM2Ljk0OCwyMjIuOTc5LDEzMy4zMzF6Ii8+PC9nPjwvc3ZnPg==");
  background-position: 1px center;
  background-repeat: no-repeat;
  background-size: 15px 15px;
  border: none;
  border-radius: 50%;
  cursor: pointer;
  height: 22px;
  left: 5px;
  position: absolute;
  top: 5px;
  width: 22px;
}

.c3:focus {
  outline: none;
}

.c4 {
  background-color: transparent;
  background-image: url("data:image/svg+xml;base64,PHN2ZyB2ZXJzaW9uPSIxLjEiIGlkPSJDYXBhXzEiIHhtbG5zPSJodHRwOi8vd3d3LnczLm9yZy8yMDAwL3N2ZyIgeG1sbnM6eGxpbms9Imh0dHA6Ly93d3cudzMub3JnLzE5OTkveGxpbmsiIHg9IjBweCIgeT0iMHB4IiB3aWR0aD0iMjkycHgiIGhlaWdodD0iMjkycHgiIHZpZXdCb3g9IjAgMCAyOTIuMzU5IDI5Mi4zNTkiIHN0eWxlPSJlbmFibGUtYmFja2dyb3VuZDpuZXcgMCAwIDI5Mi4zNTkgMjkyLjM1OTsgZmlsbDogd2hpdGU7IiB4bWw6c3BhY2U9InByZXNlcnZlIj48Zz48cGF0aCBkPSJNMjIyLjk3OSwxMzMuMzMxTDk1LjA3Myw1LjQyNEM5MS40NTYsMS44MDcsODcuMTc4LDAsODIuMjI2LDBjLTQuOTUyLDAtOS4yMzMsMS44MDctMTIuODUsNS40MjRjLTMuNjE3LDMuNjE3LTUuNDI0LDcuODk4LTUuNDI0LDEyLjg0N3YyNTUuODEzYzAsNC45NDgsMS44MDcsOS4yMzIsNS40MjQsMTIuODQ3YzMuNjIxLDMuNjE3LDcuOTAyLDUuNDI4LDEyLjg1LDUuNDI4YzQuOTQ5LDAsOS4yMy0xLjgxMSwxMi44NDctNS40MjhsMTI3LjkwNi0xMjcuOTA3YzMuNjE0LTMuNjEzLDUuNDI4LTcuODk3LDUuNDI4LTEyLjg0N0MyMjguNDA3LDE0MS4yMjksMjI2LjU5NCwxMzYuOTQ4LDIyMi45NzksMTMzLjMzMXoiLz48L2c+PC9zdmc+");
  background-position: right 1px center;
  background-repeat: no-repeat;
  background-size: 15px 15px;
  border: none;
  border-radius: 50%;
  cursor: pointer;
  height: 22px;
  position: absolute;
  right: 5px;
  top: 5px;
  width: 22px;
}

.c4:focus {
  outline: none;
}

.c6 {
  border: none;
  border-radius: 5px;
  box-sizing: border-box;
  cursor: pointer;
  font-family: "Open Sans",sans-serif;
  font-size: 14px;
  font-weight: bold;
  height: 25px;
  margin: 0px;
  padding: 0px;
  width: 50%;
  background-color: transparent;
  color: #BFBFBF;
  cursor: default;
  pointer-events: none;
}

.c6:hover {
  background-color: transparent;
  color: #BFBFBF;
  -webkit-text-decoration: none;
  text-decoration: none;
}

.c6:focus {
  outline: none;
}

.c7 {
  border: none;
  border-radius: 5px;
  box-sizing: border-box;
  cursor: pointer;
  font-family: "Open Sans",sans-serif;
  font-size: 14px;
  font-weight: bold;
  height: 25px;
  margin: 0px;
  padding: 0px;
  width: 50%;
  background-color: #1476FB;
  color: #FFF;
}

.c7:hover {
  background-color: #0960D3;
  color: #FFF;
  -webkit-text-decoration: none;
  text-decoration: none;
}

.c7:focus {
  outline: none;
}

.c8 {
  border: none;
  border-radius: 5px;
  box-sizing: border-box;
  cursor: pointer;
  font-family: "Open Sans",sans-serif;
  font-size: 14px;
  font-weight: bold;
  height: 25px;
  margin: 0px;
  padding: 0px;
  width: 50%;
  background-color: transparent;
  color: #242424;
}

.c8:hover {
  background-color: #BFBFBF;
  color: #000;
  -webkit-text-decoration: none;
  text-decoration: none;
}

.c8:focus {
  outline: none;
}

<div
  className="c0"
>
  <div
    className="c1"
  >
    <label
      className="c2"
    >
      2010 - 2019
    </label>
    <button
      className="c3"
      id="btn-previous-years-range"
      onClick={[Function]}
      type="button"
    />
    <button
      className="c4"
      id="btn-next-years-range"
      onClick={[Function]}
      type="button"
    />
  </div>
  <div
    className="c5"
  >
    <button
      className="c6"
      disabled={true}
      onClick={[Function]}
      type="button"
    >
      2010
    </button>
    <button
      className="c6"
      disabled={true}
      onClick={[Function]}
      type="button"
    >
      2011
    </button>
    <button
      className="c6"
      disabled={true}
      onClick={[Function]}
      type="button"
    >
      2012
    </button>
    <button
      className="c6"
      disabled={true}
      onClick={[Function]}
      type="button"
    >
      2013
    </button>
    <button
      className="c6"
      disabled={true}
      onClick={[Function]}
      type="button"
    >
      2014
    </button>
    <button
      className="c6"
      disabled={true}
      onClick={[Function]}
      type="button"
    >
      2015
    </button>
    <button
      className="c6"
      disabled={true}
      onClick={[Function]}
      type="button"
    >
      2016
    </button>
    <button
      className="c6"
      disabled={true}
      onClick={[Function]}
      type="button"
    >
      2017
    </button>
    <button
      className="c7"
      disabled={false}
      onClick={[Function]}
      type="button"
    >
      2018
    </button>
    <button
      className="c8"
      disabled={false}
      onClick={[Function]}
      type="button"
    >
      2019
    </button>
  </div>
</div>
`;
