// Jest Snapshot v1, https://goo.gl/fbAQLP

exports[`[SNAPSHOT][Componentes][Common][ToastNotifications] - Notificación (advertencia). Debe pintar el componente con los siguientes modificadores: (Tipo: Advertencia)(Origen: arriba-izquierda). 1`] = `
.c3 {
  display: inline-block;
  fill: #FFF;
  height: 40px;
  margin: 0px;
  vertical-align: top;
  width: 40px;
  -webkit-transition: all .3s;
  transition: all .3s;
}

.c0 {
  background-color: #FF9700;
  border-radius: 5px;
  box-shadow: 0 1px 8px 0 rgba(0,0,0,0.5);
  box-sizing: border-box;
  max-width: 420px;
  min-width: 250px;
  opacity: 0;
  padding: 15px;
  position: fixed;
  z-index: 996;
  left: 30px;
  top: -100%;
}

.c1 {
  background-color: transparent;
  background-image: url("data:image/svg+xml;base64,PHN2ZyB2ZXJzaW9uPSIxLjEiIGlkPSJDYXBhXzEiIHhtbG5zPSJodHRwOi8vd3d3LnczLm9yZy8yMDAwL3N2ZyIgeG1sbnM6eGxpbms9Imh0dHA6Ly93d3cudzMub3JnLzE5OTkveGxpbmsiIHg9IjBweCIgeT0iMHB4IiB3aWR0aD0iMzM5LjE3N3B4IiBoZWlnaHQ9IjMzOS4xNzdweCIgdmlld0JveD0iMCAwIDMzOS4xNzcgMzM5LjE3NyIgc3R5bGU9ImVuYWJsZS1iYWNrZ3JvdW5kOm5ldyAwIDAgMzM5LjE3NyAzMzkuMTc3OyBmaWxsOiB3aGl0ZTsiIHhtbDpzcGFjZT0icHJlc2VydmUiPjxnPjxwYXRoIGQ9Ik0yNDcuMjQ0LDE2OS41OWw4My45MzgtODMuOTM4YzUuMzMyLTUuMzI3LDcuOTk0LTExLjc5OCw3Ljk5NC0xOS40MTRjMC03LjYxNC0yLjY2OS0xNC4wODQtNy45OTQtMTkuNDE0TDI5Mi4zNTUsNy45OTNDMjg3LjAyNiwyLjY2NSwyODAuNTU2LDAsMjcyLjk0NCwwYy03LjYxNywwLTE0LjA4NSwyLjY2NS0xOS40MTcsNy45OTNMMTY5LjU5LDkxLjkzMUw4NS42NTEsNy45OTNDODAuMzI1LDIuNjY1LDczLjg1NCwwLDY2LjIzNywwYy03LjYxMSwwLTE0LjA4MywyLjY2NS0xOS40MTQsNy45OTNMNy45OTQsNDYuODI0QzIuNjY3LDUyLjE1LDAsNTguNjI0LDAsNjYuMjM4YzAsNy42MTYsMi42NjQsMTQuMDg0LDcuOTk0LDE5LjQxNGw4My45MzcsODMuOTM4TDcuOTk0LDI1My41MjhDMi42NjcsMjU4Ljg1OSwwLDI2NS4zMjcsMCwyNzIuOTQ1YzAsNy42MSwyLjY2NCwxNC4wODIsNy45OTQsMTkuNDFsMzguODMsMzguODI4YzUuMzMsNS4zMzIsMTEuODAzLDcuOTk0LDE5LjQxNCw3Ljk5NGM3LjYxNiwwLDE0LjA4NC0yLjY2OSwxOS40MTQtNy45OTRsODMuOTM5LTgzLjkzOGw4My45NDQsODMuOTM4YzUuMzI4LDUuMzMyLDExLjc5Myw3Ljk5NCwxOS40MTcsNy45OTRjNy42MTEsMCwxNC4wODItMi42NjksMTkuNDExLTcuOTk0bDM4LjgyLTM4LjgyOGM1LjMzMi01LjMyNCw3Ljk5NC0xMS44LDcuOTk0LTE5LjQxYzAtNy42MTgtMi42NjItMTQuMDg2LTcuOTk0LTE5LjQxN0wyNDcuMjQ0LDE2OS41OXoiLz48L2c+PC9zdmc+");
  background-position: center center;
  background-repeat: no-repeat;
  background-size: 10px 10px;
  border: none;
  cursor: pointer;
  height: 10px;
  padding: 0px;
  position: absolute;
  right: 10px;
  top: 10px;
  width: 10px;
}

.c2 {
  display: inline-block;
  float: left;
  height: auto;
  margin: 0px;
  padding: 0px;
  width: 40px;
}

.c4 {
  box-sizing: border-box;
  display: inline-block;
  float: left;
  height: auto;
  margin: 0px;
  padding: 0px 0px 0px 15px;
  width: calc(100% - 40px);
}

.c5 {
  color: #FFF;
  display: block;
  font-family: "Open Sans",sans-serif;
  font-size: 14px;
  font-weight: bold;
  margin-bottom: 10px;
  margin-right: 20px;
  text-align: left;
  white-space: nowrap;
  width: 100%;
}

@media screen and (max-width:767px) {
  .c0 {
    border-radius: 0px;
    left: 0px;
    width: 100%;
  }
}

@media screen and (min-width:768px) and (max-width:991px) {
  .c0 {
    border-radius: 0px;
    left: 0px;
    width: 100%;
  }
}

<div
  className="c0"
  from="top"
>
  <button
    className="c1"
    onClick={[Function]}
    type="button"
  />
  <div
    className="c2"
  >
    <svg
      alt="solidExclamationCircle"
      className="c3"
      dangerouslySetInnerHTML={
        Object {
          "__html": "<path d=\\"M504 256c0 136.997-111.043 248-248 248S8 392.997 8 256C8 119.083 119.043 8 256 8s248 111.083 248 248zm-248 50c-25.405 0-46 20.595-46 46s20.595 46 46 46 46-20.595 46-46-20.595-46-46-46zm-43.673-165.346l7.418 136c.347 6.364 5.609 11.346 11.982 11.346h48.546c6.373 0 11.635-4.982 11.982-11.346l7.418-136c.375-6.874-5.098-12.654-11.982-12.654h-63.383c-6.884 0-12.356 5.78-11.981 12.654z\\"/>",
        }
      }
      height="40px"
      icon="solidExclamationCircle"
      viewBox="0 0 512 512"
      width="40px"
      x="0px"
      y="0px"
    />
  </div>
  <div
    className="c4"
  >
    <label
      className="c5"
    >
      Notificación tipo "tostada".
    </label>
  </div>
</div>
`;

exports[`[SNAPSHOT][Componentes][Common][ToastNotifications] - Notificación (error). Debe pintar el componente con los siguientes modificadores: (Tipo: Error)(Origen: abajo-derecha). 1`] = `
.c3 {
  display: inline-block;
  fill: #FFF;
  height: 40px;
  margin: 0px;
  vertical-align: top;
  width: 40px;
  -webkit-transition: all .3s;
  transition: all .3s;
}

.c0 {
  background-color: #E51D24;
  border-radius: 5px;
  box-shadow: 0 1px 8px 0 rgba(0,0,0,0.5);
  box-sizing: border-box;
  max-width: 420px;
  min-width: 250px;
  opacity: 0;
  padding: 15px;
  position: fixed;
  z-index: 996;
  right: 30px;
  bottom: -100%;
}

.c1 {
  background-color: transparent;
  background-image: url("data:image/svg+xml;base64,PHN2ZyB2ZXJzaW9uPSIxLjEiIGlkPSJDYXBhXzEiIHhtbG5zPSJodHRwOi8vd3d3LnczLm9yZy8yMDAwL3N2ZyIgeG1sbnM6eGxpbms9Imh0dHA6Ly93d3cudzMub3JnLzE5OTkveGxpbmsiIHg9IjBweCIgeT0iMHB4IiB3aWR0aD0iMzM5LjE3N3B4IiBoZWlnaHQ9IjMzOS4xNzdweCIgdmlld0JveD0iMCAwIDMzOS4xNzcgMzM5LjE3NyIgc3R5bGU9ImVuYWJsZS1iYWNrZ3JvdW5kOm5ldyAwIDAgMzM5LjE3NyAzMzkuMTc3OyBmaWxsOiB3aGl0ZTsiIHhtbDpzcGFjZT0icHJlc2VydmUiPjxnPjxwYXRoIGQ9Ik0yNDcuMjQ0LDE2OS41OWw4My45MzgtODMuOTM4YzUuMzMyLTUuMzI3LDcuOTk0LTExLjc5OCw3Ljk5NC0xOS40MTRjMC03LjYxNC0yLjY2OS0xNC4wODQtNy45OTQtMTkuNDE0TDI5Mi4zNTUsNy45OTNDMjg3LjAyNiwyLjY2NSwyODAuNTU2LDAsMjcyLjk0NCwwYy03LjYxNywwLTE0LjA4NSwyLjY2NS0xOS40MTcsNy45OTNMMTY5LjU5LDkxLjkzMUw4NS42NTEsNy45OTNDODAuMzI1LDIuNjY1LDczLjg1NCwwLDY2LjIzNywwYy03LjYxMSwwLTE0LjA4MywyLjY2NS0xOS40MTQsNy45OTNMNy45OTQsNDYuODI0QzIuNjY3LDUyLjE1LDAsNTguNjI0LDAsNjYuMjM4YzAsNy42MTYsMi42NjQsMTQuMDg0LDcuOTk0LDE5LjQxNGw4My45MzcsODMuOTM4TDcuOTk0LDI1My41MjhDMi42NjcsMjU4Ljg1OSwwLDI2NS4zMjcsMCwyNzIuOTQ1YzAsNy42MSwyLjY2NCwxNC4wODIsNy45OTQsMTkuNDFsMzguODMsMzguODI4YzUuMzMsNS4zMzIsMTEuODAzLDcuOTk0LDE5LjQxNCw3Ljk5NGM3LjYxNiwwLDE0LjA4NC0yLjY2OSwxOS40MTQtNy45OTRsODMuOTM5LTgzLjkzOGw4My45NDQsODMuOTM4YzUuMzI4LDUuMzMyLDExLjc5Myw3Ljk5NCwxOS40MTcsNy45OTRjNy42MTEsMCwxNC4wODItMi42NjksMTkuNDExLTcuOTk0bDM4LjgyLTM4LjgyOGM1LjMzMi01LjMyNCw3Ljk5NC0xMS44LDcuOTk0LTE5LjQxYzAtNy42MTgtMi42NjItMTQuMDg2LTcuOTk0LTE5LjQxN0wyNDcuMjQ0LDE2OS41OXoiLz48L2c+PC9zdmc+");
  background-position: center center;
  background-repeat: no-repeat;
  background-size: 10px 10px;
  border: none;
  cursor: pointer;
  height: 10px;
  padding: 0px;
  position: absolute;
  right: 10px;
  top: 10px;
  width: 10px;
}

.c2 {
  display: inline-block;
  float: left;
  height: auto;
  margin: 0px;
  padding: 0px;
  width: 40px;
}

.c4 {
  box-sizing: border-box;
  display: inline-block;
  float: left;
  height: auto;
  margin: 0px;
  padding: 0px 0px 0px 15px;
  width: calc(100% - 40px);
}

.c5 {
  color: #FFF;
  display: block;
  font-family: "Open Sans",sans-serif;
  font-size: 14px;
  font-weight: bold;
  margin-bottom: 10px;
  margin-right: 20px;
  text-align: left;
  white-space: nowrap;
  width: 100%;
}

.c6 {
  color: #FFF;
  display: block;
  font-family: "Open Sans",sans-serif;
  font-size: 12px;
  font-weight: normal;
  text-align: left;
  width: 100%;
}

@media screen and (max-width:767px) {
  .c0 {
    border-radius: 0px;
    left: 0px;
    width: 100%;
  }
}

@media screen and (min-width:768px) and (max-width:991px) {
  .c0 {
    border-radius: 0px;
    left: 0px;
    width: 100%;
  }
}

<div
  className="c0"
  from="bottom"
>
  <button
    className="c1"
    onClick={[Function]}
    type="button"
  />
  <div
    className="c2"
  >
    <svg
      alt="solidTimesCircle"
      className="c3"
      dangerouslySetInnerHTML={
        Object {
          "__html": "<path d=\\"M256 8C119 8 8 119 8 256s111 248 248 248 248-111 248-248S393 8 256 8zm121.6 313.1c4.7 4.7 4.7 12.3 0 17L338 377.6c-4.7 4.7-12.3 4.7-17 0L256 312l-65.1 65.6c-4.7 4.7-12.3 4.7-17 0L134.4 338c-4.7-4.7-4.7-12.3 0-17l65.6-65-65.6-65.1c-4.7-4.7-4.7-12.3 0-17l39.6-39.6c4.7-4.7 12.3-4.7 17 0l65 65.7 65.1-65.6c4.7-4.7 12.3-4.7 17 0l39.6 39.6c4.7 4.7 4.7 12.3 0 17L312 256l65.6 65.1z\\"/>",
        }
      }
      height="40px"
      icon="solidTimesCircle"
      viewBox="0 0 512 512"
      width="40px"
      x="0px"
      y="0px"
    />
  </div>
  <div
    className="c4"
  >
    <label
      className="c5"
    >
      Notificación tipo "tostada".
    </label>
    <label
      className="c6"
    >
      Si, es una notificación tipo "tostada".
    </label>
  </div>
</div>
`;

exports[`[SNAPSHOT][Componentes][Common][ToastNotifications] - Notificación (información). Debe pintar el componente con los siguientes modificadores: (Tipo: Información)(Origen: arriba-derecha). 1`] = `
.c3 {
  display: inline-block;
  fill: #FFF;
  height: 40px;
  margin: 0px;
  vertical-align: top;
  width: 40px;
  -webkit-transition: all .3s;
  transition: all .3s;
}

.c0 {
  background-color: #1476FB;
  border-radius: 5px;
  box-shadow: 0 1px 8px 0 rgba(0,0,0,0.5);
  box-sizing: border-box;
  max-width: 420px;
  min-width: 250px;
  opacity: 0;
  padding: 15px;
  position: fixed;
  z-index: 996;
  right: 30px;
  top: -100%;
}

.c1 {
  background-color: transparent;
  background-image: url("data:image/svg+xml;base64,PHN2ZyB2ZXJzaW9uPSIxLjEiIGlkPSJDYXBhXzEiIHhtbG5zPSJodHRwOi8vd3d3LnczLm9yZy8yMDAwL3N2ZyIgeG1sbnM6eGxpbms9Imh0dHA6Ly93d3cudzMub3JnLzE5OTkveGxpbmsiIHg9IjBweCIgeT0iMHB4IiB3aWR0aD0iMzM5LjE3N3B4IiBoZWlnaHQ9IjMzOS4xNzdweCIgdmlld0JveD0iMCAwIDMzOS4xNzcgMzM5LjE3NyIgc3R5bGU9ImVuYWJsZS1iYWNrZ3JvdW5kOm5ldyAwIDAgMzM5LjE3NyAzMzkuMTc3OyBmaWxsOiB3aGl0ZTsiIHhtbDpzcGFjZT0icHJlc2VydmUiPjxnPjxwYXRoIGQ9Ik0yNDcuMjQ0LDE2OS41OWw4My45MzgtODMuOTM4YzUuMzMyLTUuMzI3LDcuOTk0LTExLjc5OCw3Ljk5NC0xOS40MTRjMC03LjYxNC0yLjY2OS0xNC4wODQtNy45OTQtMTkuNDE0TDI5Mi4zNTUsNy45OTNDMjg3LjAyNiwyLjY2NSwyODAuNTU2LDAsMjcyLjk0NCwwYy03LjYxNywwLTE0LjA4NSwyLjY2NS0xOS40MTcsNy45OTNMMTY5LjU5LDkxLjkzMUw4NS42NTEsNy45OTNDODAuMzI1LDIuNjY1LDczLjg1NCwwLDY2LjIzNywwYy03LjYxMSwwLTE0LjA4MywyLjY2NS0xOS40MTQsNy45OTNMNy45OTQsNDYuODI0QzIuNjY3LDUyLjE1LDAsNTguNjI0LDAsNjYuMjM4YzAsNy42MTYsMi42NjQsMTQuMDg0LDcuOTk0LDE5LjQxNGw4My45MzcsODMuOTM4TDcuOTk0LDI1My41MjhDMi42NjcsMjU4Ljg1OSwwLDI2NS4zMjcsMCwyNzIuOTQ1YzAsNy42MSwyLjY2NCwxNC4wODIsNy45OTQsMTkuNDFsMzguODMsMzguODI4YzUuMzMsNS4zMzIsMTEuODAzLDcuOTk0LDE5LjQxNCw3Ljk5NGM3LjYxNiwwLDE0LjA4NC0yLjY2OSwxOS40MTQtNy45OTRsODMuOTM5LTgzLjkzOGw4My45NDQsODMuOTM4YzUuMzI4LDUuMzMyLDExLjc5Myw3Ljk5NCwxOS40MTcsNy45OTRjNy42MTEsMCwxNC4wODItMi42NjksMTkuNDExLTcuOTk0bDM4LjgyLTM4LjgyOGM1LjMzMi01LjMyNCw3Ljk5NC0xMS44LDcuOTk0LTE5LjQxYzAtNy42MTgtMi42NjItMTQuMDg2LTcuOTk0LTE5LjQxN0wyNDcuMjQ0LDE2OS41OXoiLz48L2c+PC9zdmc+");
  background-position: center center;
  background-repeat: no-repeat;
  background-size: 10px 10px;
  border: none;
  cursor: pointer;
  height: 10px;
  padding: 0px;
  position: absolute;
  right: 10px;
  top: 10px;
  width: 10px;
}

.c2 {
  display: inline-block;
  float: left;
  height: auto;
  margin: 0px;
  padding: 0px;
  width: 40px;
}

.c4 {
  box-sizing: border-box;
  display: inline-block;
  float: left;
  height: auto;
  margin: 0px;
  padding: 0px 0px 0px 15px;
  width: calc(100% - 40px);
}

.c5 {
  color: #FFF;
  display: block;
  font-family: "Open Sans",sans-serif;
  font-size: 14px;
  font-weight: bold;
  margin-bottom: 10px;
  margin-right: 20px;
  text-align: left;
  white-space: nowrap;
  width: 100%;
}

@media screen and (max-width:767px) {
  .c0 {
    border-radius: 0px;
    left: 0px;
    width: 100%;
  }
}

@media screen and (min-width:768px) and (max-width:991px) {
  .c0 {
    border-radius: 0px;
    left: 0px;
    width: 100%;
  }
}

<div
  className="c0"
  from="top"
>
  <button
    className="c1"
    onClick={[Function]}
    type="button"
  />
  <div
    className="c2"
  >
    <svg
      alt="solidQuestionCircle"
      className="c3"
      dangerouslySetInnerHTML={
        Object {
          "__html": "<path d=\\"M504 256c0 136.997-111.043 248-248 248S8 392.997 8 256C8 119.083 119.043 8 256 8s248 111.083 248 248zM262.655 90c-54.497 0-89.255 22.957-116.549 63.758-3.536 5.286-2.353 12.415 2.715 16.258l34.699 26.31c5.205 3.947 12.621 3.008 16.665-2.122 17.864-22.658 30.113-35.797 57.303-35.797 20.429 0 45.698 13.148 45.698 32.958 0 14.976-12.363 22.667-32.534 33.976C247.128 238.528 216 254.941 216 296v4c0 6.627 5.373 12 12 12h56c6.627 0 12-5.373 12-12v-1.333c0-28.462 83.186-29.647 83.186-106.667 0-58.002-60.165-102-116.531-102zM256 338c-25.365 0-46 20.635-46 46 0 25.364 20.635 46 46 46s46-20.636 46-46c0-25.365-20.635-46-46-46z\\"/>",
        }
      }
      height="40px"
      icon="solidQuestionCircle"
      viewBox="0 0 512 512"
      width="40px"
      x="0px"
      y="0px"
    />
  </div>
  <div
    className="c4"
  >
    <label
      className="c5"
    >
      Notificación tipo "tostada".
    </label>
    <label>
      Si, es una notificación tipo "tostada".
    </label>
  </div>
</div>
`;

exports[`[SNAPSHOT][Componentes][Common][ToastNotifications] - Notificación (éxito). Debe pintar el componente con los siguientes modificadores: (Tipo: Éxito)(Origen: abajo-izquierda). 1`] = `
.c3 {
  display: inline-block;
  fill: #FFF;
  height: 40px;
  margin: 0px;
  vertical-align: top;
  width: 40px;
  -webkit-transition: all .3s;
  transition: all .3s;
}

.c0 {
  background-color: #4CB050;
  border-radius: 5px;
  box-shadow: 0 1px 8px 0 rgba(0,0,0,0.5);
  box-sizing: border-box;
  max-width: 420px;
  min-width: 250px;
  opacity: 0;
  padding: 15px;
  position: fixed;
  z-index: 996;
  left: 30px;
  bottom: -100%;
}

.c1 {
  background-color: transparent;
  background-image: url("data:image/svg+xml;base64,PHN2ZyB2ZXJzaW9uPSIxLjEiIGlkPSJDYXBhXzEiIHhtbG5zPSJodHRwOi8vd3d3LnczLm9yZy8yMDAwL3N2ZyIgeG1sbnM6eGxpbms9Imh0dHA6Ly93d3cudzMub3JnLzE5OTkveGxpbmsiIHg9IjBweCIgeT0iMHB4IiB3aWR0aD0iMzM5LjE3N3B4IiBoZWlnaHQ9IjMzOS4xNzdweCIgdmlld0JveD0iMCAwIDMzOS4xNzcgMzM5LjE3NyIgc3R5bGU9ImVuYWJsZS1iYWNrZ3JvdW5kOm5ldyAwIDAgMzM5LjE3NyAzMzkuMTc3OyBmaWxsOiB3aGl0ZTsiIHhtbDpzcGFjZT0icHJlc2VydmUiPjxnPjxwYXRoIGQ9Ik0yNDcuMjQ0LDE2OS41OWw4My45MzgtODMuOTM4YzUuMzMyLTUuMzI3LDcuOTk0LTExLjc5OCw3Ljk5NC0xOS40MTRjMC03LjYxNC0yLjY2OS0xNC4wODQtNy45OTQtMTkuNDE0TDI5Mi4zNTUsNy45OTNDMjg3LjAyNiwyLjY2NSwyODAuNTU2LDAsMjcyLjk0NCwwYy03LjYxNywwLTE0LjA4NSwyLjY2NS0xOS40MTcsNy45OTNMMTY5LjU5LDkxLjkzMUw4NS42NTEsNy45OTNDODAuMzI1LDIuNjY1LDczLjg1NCwwLDY2LjIzNywwYy03LjYxMSwwLTE0LjA4MywyLjY2NS0xOS40MTQsNy45OTNMNy45OTQsNDYuODI0QzIuNjY3LDUyLjE1LDAsNTguNjI0LDAsNjYuMjM4YzAsNy42MTYsMi42NjQsMTQuMDg0LDcuOTk0LDE5LjQxNGw4My45MzcsODMuOTM4TDcuOTk0LDI1My41MjhDMi42NjcsMjU4Ljg1OSwwLDI2NS4zMjcsMCwyNzIuOTQ1YzAsNy42MSwyLjY2NCwxNC4wODIsNy45OTQsMTkuNDFsMzguODMsMzguODI4YzUuMzMsNS4zMzIsMTEuODAzLDcuOTk0LDE5LjQxNCw3Ljk5NGM3LjYxNiwwLDE0LjA4NC0yLjY2OSwxOS40MTQtNy45OTRsODMuOTM5LTgzLjkzOGw4My45NDQsODMuOTM4YzUuMzI4LDUuMzMyLDExLjc5Myw3Ljk5NCwxOS40MTcsNy45OTRjNy42MTEsMCwxNC4wODItMi42NjksMTkuNDExLTcuOTk0bDM4LjgyLTM4LjgyOGM1LjMzMi01LjMyNCw3Ljk5NC0xMS44LDcuOTk0LTE5LjQxYzAtNy42MTgtMi42NjItMTQuMDg2LTcuOTk0LTE5LjQxN0wyNDcuMjQ0LDE2OS41OXoiLz48L2c+PC9zdmc+");
  background-position: center center;
  background-repeat: no-repeat;
  background-size: 10px 10px;
  border: none;
  cursor: pointer;
  height: 10px;
  padding: 0px;
  position: absolute;
  right: 10px;
  top: 10px;
  width: 10px;
}

.c2 {
  display: inline-block;
  float: left;
  height: auto;
  margin: 0px;
  padding: 0px;
  width: 40px;
}

.c4 {
  box-sizing: border-box;
  display: inline-block;
  float: left;
  height: auto;
  margin: 0px;
  padding: 0px 0px 0px 15px;
  width: calc(100% - 40px);
}

.c5 {
  color: #FFF;
  display: block;
  font-family: "Open Sans",sans-serif;
  font-size: 14px;
  font-weight: bold;
  margin-bottom: 10px;
  margin-right: 20px;
  text-align: left;
  white-space: nowrap;
  width: 100%;
}

.c6 {
  color: #FFF;
  display: block;
  font-family: "Open Sans",sans-serif;
  font-size: 12px;
  font-weight: normal;
  text-align: left;
  width: 100%;
}

@media screen and (max-width:767px) {
  .c0 {
    border-radius: 0px;
    left: 0px;
    width: 100%;
  }
}

@media screen and (min-width:768px) and (max-width:991px) {
  .c0 {
    border-radius: 0px;
    left: 0px;
    width: 100%;
  }
}

<div
  className="c0"
  from="bottom"
>
  <button
    className="c1"
    onClick={[Function]}
    type="button"
  />
  <div
    className="c2"
  >
    <svg
      alt="solidCheckCircle"
      className="c3"
      dangerouslySetInnerHTML={
        Object {
          "__html": "<path d=\\"M504 256c0 136.967-111.033 248-248 248S8 392.967 8 256 119.033 8 256 8s248 111.033 248 248zM227.314 387.314l184-184c6.248-6.248 6.248-16.379 0-22.627l-22.627-22.627c-6.248-6.249-16.379-6.249-22.628 0L216 308.118l-70.059-70.059c-6.248-6.248-16.379-6.248-22.628 0l-22.627 22.627c-6.248 6.248-6.248 16.379 0 22.627l104 104c6.249 6.249 16.379 6.249 22.628.001z\\"/>",
        }
      }
      height="40px"
      icon="solidCheckCircle"
      viewBox="0 0 512 512"
      width="40px"
      x="0px"
      y="0px"
    />
  </div>
  <div
    className="c4"
  >
    <label
      className="c5"
    >
      Notificación tipo "tostada".
    </label>
    <label
      className="c6"
    >
      Si, es una notificación tipo "tostada".
    </label>
  </div>
</div>
`;
